// Jest Snapshot v1, https://goo.gl/fbAQLP

exports[`Pruebas sobre <SearchPage /> should mostrarse correctamente batman con el valor del queryString 1`] = `
<div>
  <h1>
    SearchPage
  </h1>
  <h4>
    Searching
  </h4>
  <hr />
  <div
    class="row"
  >
    <div
      class="col-5"
    >
      <form>
        <input
          autocomplete="off"
          class="form-control"
          name="searchText"
          placeholder="Search a heroe"
          type="text"
          value=""
        />
        <button
          class="btn btn-outline-primary mt-1"
        >
          Search
        </button>
      </form>
    </div>
    <div
      class="col-7"
    >
      <h4>
        Results
      </h4>
      <hr />
      <div
        class="alert alert-primary"
      >
        Search a hero
      </div>
      <div
        class="alert alert-danger"
      >
        <b>
          There is no results
        </b>
      </div>
    </div>
  </div>
</div>
`;

exports[`Pruebas sobre <SearchPage /> should mostrarse correctamente con valores por defecto  1`] = `
<div>
  <h1>
    SearchPage
  </h1>
  <h4>
    Searching
  </h4>
  <hr />
  <div
    class="row"
  >
    <div
      class="col-5"
    >
      <form>
        <input
          autocomplete="off"
          class="form-control"
          name="searchText"
          placeholder="Search a heroe"
          type="text"
          value=""
        />
        <button
          class="btn btn-outline-primary mt-1"
        >
          Search
        </button>
      </form>
    </div>
    <div
      class="col-7"
    >
      <h4>
        Results
      </h4>
      <hr />
      <div
        class="alert alert-primary"
      >
        Search a hero
      </div>
      <div
        class="alert alert-danger"
      >
        <b>
          There is no results
        </b>
      </div>
    </div>
  </div>
</div>
`;
